101
961
6421
10761
20381
112501
307421
692101
669171001
