Frame 0 does not have the pattern.
Frame 1 does not have the pattern.
Frame 2 has the pattern.
Frame 3 does not have the pattern.
Frame 4 does not have the pattern.
Frame 5 has the pattern.
